{
  "title": "Implementing a RESTful API with Node.js"
}